Component: ARM Compiler 5.06 update 7 (build 960) Tool: armlink [4d3601]

==============================================================================

Section Cross References

    main.o(.text) refers to usart.o(.text) for Init_usart
    main.o(.text) refers to uidiv.o(.text) for __aeabi_uidivmod
    main.o(.text) refers to delay.o(.text) for SysTick_conf
    main.o(.text) refers to timer.o(.text) for init_TIM3
    main.o(.text) refers to param_flash.o(.text) for Read16ParamFlash
    main.o(.text) refers to system.o(.data) for SystemCoreClock
    main.o(.text) refers to main.o(.data) for flag_1
    main.o(.text) refers to commands.o(.text) for open_lock
    main.o(.text) refers to commands.o(.data) for send_buf
    startup_stm32f0xx.o(RESET) refers to startup_stm32f0xx.o(STACK) for __initial_sp
    startup_stm32f0xx.o(RESET) refers to startup_stm32f0xx.o(.text) for Reset_Handler
    startup_stm32f0xx.o(RESET) refers to delay.o(.text) for SysTick_Handler
    startup_stm32f0xx.o(RESET) refers to main.o(.text) for EXTI0_1_IRQHandler
    startup_stm32f0xx.o(RESET) refers to ext_int.o(.text) for EXTI4_15_IRQHandler
    startup_stm32f0xx.o(RESET) refers to timer.o(.text) for TIM3_IRQHandler
    startup_stm32f0xx.o(RESET) refers to usart.o(.text) for USART1_IRQHandler
    startup_stm32f0xx.o(.text) refers to system.o(.text) for SystemInit
    startup_stm32f0xx.o(.text) refers to entry.o(.ARM.Collect$$$$00000000) for __main
    system.o(.text) refers to uidiv.o(.text) for __aeabi_uidivmod
    system.o(.text) refers to system.o(.data) for SystemCoreClock
    timer.o(.text) refers to main.o(.text) for set_flag_1
    timer.o(.text) refers to timer.o(.data) for t
    usart.o(.text) refers to uidiv.o(.text) for __aeabi_uidivmod
    usart.o(.text) refers to commands.o(.text) for commands
    usart.o(.text) refers to system.o(.data) for SystemCoreClock
    usart.o(.text) refers to usart.o(.data) for ff_0
    usart.o(.text) refers to usart.o(.bss) for fifo
    param_flash.o(.text) refers to memseta.o(.text) for __aeabi_memclr4
    ext_int.o(.text) refers to main.o(.data) for cnt_card
    commands.o(.text) refers to main.o(.text) for set_flag_1
    commands.o(.text) refers to timer.o(.text) for set_t
    commands.o(.text) refers to param_flash.o(.text) for Read16ParamFlash
    commands.o(.text) refers to main.o(.data) for lock
    commands.o(.text) refers to commands.o(.data) for send_buf
    delay.o(.text) refers to main.o(.text) for set_timeout_card
    delay.o(.text) refers to delay.o(.data) for TimingDelay
    delay.o(.text) refers to main.o(.data) for timeout_card1
    entry.o(.ARM.Collect$$$$00000000) refers (Special) to entry10a.o(.ARM.Collect$$$$0000000F) for __rt_final_cpp
    entry.o(.ARM.Collect$$$$00000000) refers (Special) to entry11a.o(.ARM.Collect$$$$00000011) for __rt_final_exit
    entry.o(.ARM.Collect$$$$00000000) refers (Special) to entry12b.o(.ARM.Collect$$$$0000000E) for __rt_lib_shutdown_fini
    entry.o(.ARM.Collect$$$$00000000) refers (Special) to entry7b.o(.ARM.Collect$$$$00000008) for _main_clock
    entry.o(.ARM.Collect$$$$00000000) refers (Special) to entry8b.o(.ARM.Collect$$$$0000000A) for _main_cpp_init
    entry.o(.ARM.Collect$$$$00000000) refers (Special) to entry9a.o(.ARM.Collect$$$$0000000B) for _main_init
    entry.o(.ARM.Collect$$$$00000000) refers (Special) to entry5.o(.ARM.Collect$$$$00000004) for _main_scatterload
    entry.o(.ARM.Collect$$$$00000000) refers (Special) to entry2.o(.ARM.Collect$$$$00000001) for _main_stk
    entry2.o(.ARM.Collect$$$$00000001) refers to entry2.o(.ARM.Collect$$$$00002712) for __lit__00000000
    entry2.o(.ARM.Collect$$$$00002712) refers to startup_stm32f0xx.o(STACK) for __initial_sp
    entry2.o(__vectab_stack_and_reset_area) refers to startup_stm32f0xx.o(STACK) for __initial_sp
    entry2.o(__vectab_stack_and_reset_area) refers to entry.o(.ARM.Collect$$$$00000000) for __main
    entry5.o(.ARM.Collect$$$$00000004) refers to init.o(.text) for __scatterload
    entry9a.o(.ARM.Collect$$$$0000000B) refers to main.o(.text) for main
    entry9b.o(.ARM.Collect$$$$0000000C) refers to main.o(.text) for main
    init.o(.text) refers to entry5.o(.ARM.Collect$$$$00000004) for __main_after_scatterload


==============================================================================

Removing Unused input sections from the image.

    Removing main.o(.rev16_text), (4 bytes).
    Removing main.o(.revsh_text), (4 bytes).
    Removing startup_stm32f0xx.o(HEAP), (512 bytes).
    Removing system.o(.rev16_text), (4 bytes).
    Removing system.o(.revsh_text), (4 bytes).
    Removing timer.o(.rev16_text), (4 bytes).
    Removing timer.o(.revsh_text), (4 bytes).
    Removing usart.o(.rev16_text), (4 bytes).
    Removing usart.o(.revsh_text), (4 bytes).
    Removing param_flash.o(.rev16_text), (4 bytes).
    Removing param_flash.o(.revsh_text), (4 bytes).
    Removing ext_int.o(.rev16_text), (4 bytes).
    Removing ext_int.o(.revsh_text), (4 bytes).
    Removing ext_int.o(.data), (4 bytes).
    Removing commands.o(.rev16_text), (4 bytes).
    Removing commands.o(.revsh_text), (4 bytes).
    Removing delay.o(.rev16_text), (4 bytes).
    Removing delay.o(.revsh_text), (4 bytes).
    Removing delay_asm.o(.text), (24 bytes).

19 unused section(s) (total 604 bytes) removed from the image.

==============================================================================

Image Symbol Table

    Local Symbols

    Symbol Name                              Value     Ov Type        Size  Object(Section)

    ../clib/microlib/division.c              0x00000000   Number         0  uidiv.o ABSOLUTE
    ../clib/microlib/init/entry.s            0x00000000   Number         0  entry8b.o ABSOLUTE
    ../clib/microlib/init/entry.s            0x00000000   Number         0  entry2.o ABSOLUTE
    ../clib/microlib/init/entry.s            0x00000000   Number         0  entry12b.o ABSOLUTE
    ../clib/microlib/init/entry.s            0x00000000   Number         0  entry12a.o ABSOLUTE
    ../clib/microlib/init/entry.s            0x00000000   Number         0  entry11b.o ABSOLUTE
    ../clib/microlib/init/entry.s            0x00000000   Number         0  entry10b.o ABSOLUTE
    ../clib/microlib/init/entry.s            0x00000000   Number         0  entry11a.o ABSOLUTE
    ../clib/microlib/init/entry.s            0x00000000   Number         0  entry10a.o ABSOLUTE
    ../clib/microlib/init/entry.s            0x00000000   Number         0  entry8a.o ABSOLUTE
    ../clib/microlib/init/entry.s            0x00000000   Number         0  entry9b.o ABSOLUTE
    ../clib/microlib/init/entry.s            0x00000000   Number         0  entry9a.o ABSOLUTE
    ../clib/microlib/init/entry.s            0x00000000   Number         0  entry.o ABSOLUTE
    ../clib/microlib/init/entry.s            0x00000000   Number         0  entry7b.o ABSOLUTE
    ../clib/microlib/init/entry.s            0x00000000   Number         0  entry7a.o ABSOLUTE
    ../clib/microlib/init/entry.s            0x00000000   Number         0  entry5.o ABSOLUTE
    ../clib/microlib/string/memset.c         0x00000000   Number         0  memseta.o ABSOLUTE
    ..\\lib\\delay.c                         0x00000000   Number         0  delay.o ABSOLUTE
    ..\\lib\\ext_int.c                       0x00000000   Number         0  ext_int.o ABSOLUTE
    ..\\lib\\param_flash.c                   0x00000000   Number         0  param_flash.o ABSOLUTE
    ..\\lib\\usart.c                         0x00000000   Number         0  usart.o ABSOLUTE
    ..\lib\delay.c                           0x00000000   Number         0  delay.o ABSOLUTE
    ..\lib\ext_int.c                         0x00000000   Number         0  ext_int.o ABSOLUTE
    ..\lib\param_flash.c                     0x00000000   Number         0  param_flash.o ABSOLUTE
    ..\lib\usart.c                           0x00000000   Number         0  usart.o ABSOLUTE
    dc.s                                     0x00000000   Number         0  dc.o ABSOLUTE
    handlers.s                               0x00000000   Number         0  handlers.o ABSOLUTE
    init.s                                   0x00000000   Number         0  init.o ABSOLUTE
    source\\commands.c                       0x00000000   Number         0  commands.o ABSOLUTE
    source\\main.c                           0x00000000   Number         0  main.o ABSOLUTE
    source\\system.c                         0x00000000   Number         0  system.o ABSOLUTE
    source\\timer.c                          0x00000000   Number         0  timer.o ABSOLUTE
    source\commands.c                        0x00000000   Number         0  commands.o ABSOLUTE
    source\delay_asm.s                       0x00000000   Number         0  delay_asm.o ABSOLUTE
    source\main.c                            0x00000000   Number         0  main.o ABSOLUTE
    source\startup_stm32f0xx.s               0x00000000   Number         0  startup_stm32f0xx.o ABSOLUTE
    source\system.c                          0x00000000   Number         0  system.o ABSOLUTE
    source\timer.c                           0x00000000   Number         0  timer.o ABSOLUTE
    RESET                                    0x08000000   Section      192  startup_stm32f0xx.o(RESET)
    .ARM.Collect$$$$00000000                 0x080000c0   Section        0  entry.o(.ARM.Collect$$$$00000000)
    .ARM.Collect$$$$00000001                 0x080000c0   Section        4  entry2.o(.ARM.Collect$$$$00000001)
    .ARM.Collect$$$$00000004                 0x080000c4   Section        4  entry5.o(.ARM.Collect$$$$00000004)
    .ARM.Collect$$$$00000008                 0x080000c8   Section        0  entry7b.o(.ARM.Collect$$$$00000008)
    .ARM.Collect$$$$0000000A                 0x080000c8   Section        0  entry8b.o(.ARM.Collect$$$$0000000A)
    .ARM.Collect$$$$0000000B                 0x080000c8   Section        8  entry9a.o(.ARM.Collect$$$$0000000B)
    .ARM.Collect$$$$0000000E                 0x080000d0   Section        4  entry12b.o(.ARM.Collect$$$$0000000E)
    .ARM.Collect$$$$0000000F                 0x080000d4   Section        0  entry10a.o(.ARM.Collect$$$$0000000F)
    .ARM.Collect$$$$00000011                 0x080000d4   Section        0  entry11a.o(.ARM.Collect$$$$00000011)
    .ARM.Collect$$$$00002712                 0x080000d4   Section        4  entry2.o(.ARM.Collect$$$$00002712)
    __lit__00000000                          0x080000d4   Data           4  entry2.o(.ARM.Collect$$$$00002712)
    .text                                    0x080000d8   Section        0  main.o(.text)
    NVIC_SetPriority                         0x080000d9   Thumb Code   110  main.o(.text)
    NVIC_EnableIRQ                           0x08000837   Thumb Code    14  main.o(.text)
    .text                                    0x08000898   Section       28  startup_stm32f0xx.o(.text)
    .text                                    0x080008b4   Section        0  system.o(.text)
    SetSysClock                              0x080008b5   Thumb Code   118  system.o(.text)
    .text                                    0x08000a54   Section        0  timer.o(.text)
    NVIC_EnableIRQ                           0x08000b3b   Thumb Code    14  timer.o(.text)
    .text                                    0x08000b64   Section        0  usart.o(.text)
    NVIC_SetPriority                         0x08000d5d   Thumb Code   110  usart.o(.text)
    .text                                    0x08000e00   Section        0  param_flash.o(.text)
    .text                                    0x0800107c   Section        0  ext_int.o(.text)
    .text                                    0x08001138   Section        0  commands.o(.text)
    NVIC_DisableIRQ                          0x080012b5   Thumb Code    14  commands.o(.text)
    .text                                    0x080012d4   Section        0  delay.o(.text)
    .text                                    0x08001420   Section        0  uidiv.o(.text)
    .text                                    0x0800144c   Section        0  memseta.o(.text)
    .text                                    0x08001470   Section       36  init.o(.text)
    i.__scatterload_copy                     0x08001494   Section       14  handlers.o(i.__scatterload_copy)
    i.__scatterload_null                     0x080014a2   Section        2  handlers.o(i.__scatterload_null)
    i.__scatterload_zeroinit                 0x080014a4   Section       14  handlers.o(i.__scatterload_zeroinit)
    .data                                    0x20000000   Section       39  main.o(.data)
    TimingDelay                              0x20000000   Data           4  main.o(.data)
    .data                                    0x20000028   Section       20  system.o(.data)
    .data                                    0x2000003c   Section        2  timer.o(.data)
    .data                                    0x20000040   Section       12  usart.o(.data)
    .data                                    0x2000004c   Section        8  commands.o(.data)
    .data                                    0x20000054   Section       10  delay.o(.data)
    TimingDelay                              0x20000054   Data           4  delay.o(.data)
    .bss                                     0x20000060   Section      110  usart.o(.bss)
    STACK                                    0x200000d0   Section     1024  startup_stm32f0xx.o(STACK)

    Global Symbols

    Symbol Name                              Value     Ov Type        Size  Object(Section)

    BuildAttributes$$THM_ISAv3M$S$PE$A:L22$X:L11$S22$IEEE1$IW$USESV6$~STKCKD$USESV7$~SHL$OSPACE$EBA8$MICROLIB$REQ8$PRES8$EABIv2 0x00000000   Number         0  anon$$obj.o ABSOLUTE
    __ARM_use_no_argv                        0x00000000   Number         0  main.o ABSOLUTE
    __arm_fini_                               - Undefined Weak Reference
    __cpp_initialize__aeabi_                  - Undefined Weak Reference
    __cxa_finalize                            - Undefined Weak Reference
    __decompress                              - Undefined Weak Reference
    _clock_init                               - Undefined Weak Reference
    _microlib_exit                            - Undefined Weak Reference
    __Vectors_Size                           0x000000c0   Number         0  startup_stm32f0xx.o ABSOLUTE
    __Vectors                                0x08000000   Data           4  startup_stm32f0xx.o(RESET)
    __Vectors_End                            0x080000c0   Data           0  startup_stm32f0xx.o(RESET)
    __main                                   0x080000c1   Thumb Code     0  entry.o(.ARM.Collect$$$$00000000)
    _main_stk                                0x080000c1   Thumb Code     0  entry2.o(.ARM.Collect$$$$00000001)
    _main_scatterload                        0x080000c5   Thumb Code     0  entry5.o(.ARM.Collect$$$$00000004)
    __main_after_scatterload                 0x080000c9   Thumb Code     0  entry5.o(.ARM.Collect$$$$00000004)
    _main_clock                              0x080000c9   Thumb Code     0  entry7b.o(.ARM.Collect$$$$00000008)
    _main_cpp_init                           0x080000c9   Thumb Code     0  entry8b.o(.ARM.Collect$$$$0000000A)
    _main_init                               0x080000c9   Thumb Code     0  entry9a.o(.ARM.Collect$$$$0000000B)
    __rt_lib_shutdown_fini                   0x080000d1   Thumb Code     0  entry12b.o(.ARM.Collect$$$$0000000E)
    __rt_final_cpp                           0x080000d5   Thumb Code     0  entry10a.o(.ARM.Collect$$$$0000000F)
    __rt_final_exit                          0x080000d5   Thumb Code     0  entry11a.o(.ARM.Collect$$$$00000011)
    init_gpio                                0x08000147   Thumb Code    42  main.o(.text)
    init_EXTI                                0x08000171   Thumb Code   152  main.o(.text)
    init                                     0x08000209   Thumb Code    42  main.o(.text)
    set_flag_1                               0x08000233   Thumb Code    12  main.o(.text)
    clr_flag_1                               0x0800023f   Thumb Code    12  main.o(.text)
    send_pack                                0x0800024b   Thumb Code   100  main.o(.text)
    main                                     0x080002af   Thumb Code  1050  main.o(.text)
    EXTI0_1_IRQHandler                       0x080006c9   Thumb Code   152  main.o(.text)
    EXTI2_3_IRQHandler                       0x08000761   Thumb Code   172  main.o(.text)
    set_error_card                           0x0800080d   Thumb Code     2  main.o(.text)
    set_timeout_card                         0x0800080f   Thumb Code    36  main.o(.text)
    assert_failed                            0x08000833   Thumb Code     4  main.o(.text)
    Reset_Handler                            0x08000899   Thumb Code     8  startup_stm32f0xx.o(.text)
    NMI_Handler                              0x080008a1   Thumb Code     2  startup_stm32f0xx.o(.text)
    HardFault_Handler                        0x080008a3   Thumb Code     2  startup_stm32f0xx.o(.text)
    SVC_Handler                              0x080008a5   Thumb Code     2  startup_stm32f0xx.o(.text)
    PendSV_Handler                           0x080008a7   Thumb Code     2  startup_stm32f0xx.o(.text)
    ADC1_COMP_IRQHandler                     0x080008ab   Thumb Code     0  startup_stm32f0xx.o(.text)
    CEC_IRQHandler                           0x080008ab   Thumb Code     0  startup_stm32f0xx.o(.text)
    DMA1_Channel1_IRQHandler                 0x080008ab   Thumb Code     0  startup_stm32f0xx.o(.text)
    DMA1_Channel2_3_IRQHandler               0x080008ab   Thumb Code     0  startup_stm32f0xx.o(.text)
    DMA1_Channel4_5_IRQHandler               0x080008ab   Thumb Code     0  startup_stm32f0xx.o(.text)
    FLASH_IRQHandler                         0x080008ab   Thumb Code     0  startup_stm32f0xx.o(.text)
    I2C1_IRQHandler                          0x080008ab   Thumb Code     0  startup_stm32f0xx.o(.text)
    I2C2_IRQHandler                          0x080008ab   Thumb Code     0  startup_stm32f0xx.o(.text)
    PVD_IRQHandler                           0x080008ab   Thumb Code     0  startup_stm32f0xx.o(.text)
    RCC_IRQHandler                           0x080008ab   Thumb Code     0  startup_stm32f0xx.o(.text)
    RTC_IRQHandler                           0x080008ab   Thumb Code     0  startup_stm32f0xx.o(.text)
    SPI1_IRQHandler                          0x080008ab   Thumb Code     0  startup_stm32f0xx.o(.text)
    SPI2_IRQHandler                          0x080008ab   Thumb Code     0  startup_stm32f0xx.o(.text)
    TIM15_IRQHandler                         0x080008ab   Thumb Code     0  startup_stm32f0xx.o(.text)
    TIM16_IRQHandler                         0x080008ab   Thumb Code     0  startup_stm32f0xx.o(.text)
    TIM17_IRQHandler                         0x080008ab   Thumb Code     0  startup_stm32f0xx.o(.text)
    TIM1_BRK_UP_TRG_COM_IRQHandler           0x080008ab   Thumb Code     0  startup_stm32f0xx.o(.text)
    TIM1_CC_IRQHandler                       0x080008ab   Thumb Code     0  startup_stm32f0xx.o(.text)
    TIM2_IRQHandler                          0x080008ab   Thumb Code     0  startup_stm32f0xx.o(.text)
    TIM6_DAC_IRQHandler                      0x080008ab   Thumb Code     0  startup_stm32f0xx.o(.text)
    TS_IRQHandler                            0x080008ab   Thumb Code     0  startup_stm32f0xx.o(.text)
    USART2_IRQHandler                        0x080008ab   Thumb Code     0  startup_stm32f0xx.o(.text)
    WWDG_IRQHandler                          0x080008ab   Thumb Code     0  startup_stm32f0xx.o(.text)
    SystemInit                               0x0800092b   Thumb Code   110  system.o(.text)
    SystemCoreClockUpdate                    0x08000999   Thumb Code   154  system.o(.text)
    set_t                                    0x08000a55   Thumb Code     6  timer.o(.text)
    init_TIM2                                0x08000a5b   Thumb Code    98  timer.o(.text)
    init_TIM3                                0x08000abd   Thumb Code    58  timer.o(.text)
    TIM3_IRQHandler                          0x08000af7   Thumb Code    68  timer.o(.text)
    Init_usart                               0x08000b65   Thumb Code   156  usart.o(.text)
    USART_SendData                           0x08000c01   Thumb Code    26  usart.o(.text)
    print_fifo                               0x08000c1b   Thumb Code   132  usart.o(.text)
    print_buf                                0x08000c9f   Thumb Code    52  usart.o(.text)
    USART1_IRQHandler                        0x08000cd3   Thumb Code   138  usart.o(.text)
    FLASH_Unlock                             0x08000e01   Thumb Code    24  param_flash.o(.text)
    FLASH_Lock                               0x08000e19   Thumb Code    14  param_flash.o(.text)
    FLASH_ClearPage                          0x08000e27   Thumb Code    54  param_flash.o(.text)
    FLASH_Read                               0x08000e5d   Thumb Code     6  param_flash.o(.text)
    Read16ParamFlash                         0x08000e63   Thumb Code    16  param_flash.o(.text)
    FLASH_Write                              0x08000e73   Thumb Code    56  param_flash.o(.text)
    Write32ParamFlash_scan                   0x08000eab   Thumb Code   106  param_flash.o(.text)
    Write32ParamFlash                        0x08000f15   Thumb Code    44  param_flash.o(.text)
    ReadParamFlash                           0x08000f41   Thumb Code    40  param_flash.o(.text)
    WriteParamFlash                          0x08000f69   Thumb Code   144  param_flash.o(.text)
    WriteMultiplyParamFlash                  0x08000ff9   Thumb Code   110  param_flash.o(.text)
    check_new_buf                            0x0800107d   Thumb Code     4  ext_int.o(.text)
    send_p                                   0x08001081   Thumb Code     2  ext_int.o(.text)
    EXTI4_15_IRQHandler                      0x08001083   Thumb Code   152  ext_int.o(.text)
    sent_buffer                              0x08001139   Thumb Code     2  commands.o(.text)
    close_lock                               0x0800113b   Thumb Code    32  commands.o(.text)
    open_lock                                0x0800115b   Thumb Code    34  commands.o(.text)
    commands                                 0x0800117d   Thumb Code   312  commands.o(.text)
    SysTick_conf                             0x080012d5   Thumb Code    14  delay.o(.text)
    Delay_ms                                 0x080012e3   Thumb Code    20  delay.o(.text)
    SysTick_Handler                          0x080012f7   Thumb Code   178  delay.o(.text)
    init_TIM14                               0x080013a9   Thumb Code    62  delay.o(.text)
    TIM14_IRQHandler                         0x080013e7   Thumb Code    18  delay.o(.text)
    __aeabi_uidiv                            0x08001421   Thumb Code     0  uidiv.o(.text)
    __aeabi_uidivmod                         0x08001421   Thumb Code    44  uidiv.o(.text)
    __aeabi_memset                           0x0800144d   Thumb Code    14  memseta.o(.text)
    __aeabi_memset4                          0x0800144d   Thumb Code     0  memseta.o(.text)
    __aeabi_memset8                          0x0800144d   Thumb Code     0  memseta.o(.text)
    __aeabi_memclr                           0x0800145b   Thumb Code     4  memseta.o(.text)
    __aeabi_memclr4                          0x0800145b   Thumb Code     0  memseta.o(.text)
    __aeabi_memclr8                          0x0800145b   Thumb Code     0  memseta.o(.text)
    _memset$wrapper                          0x0800145f   Thumb Code    18  memseta.o(.text)
    __scatterload                            0x08001471   Thumb Code    28  init.o(.text)
    __scatterload_rt2                        0x08001471   Thumb Code     0  init.o(.text)
    __scatterload_copy                       0x08001495   Thumb Code    14  handlers.o(i.__scatterload_copy)
    __scatterload_null                       0x080014a3   Thumb Code     2  handlers.o(i.__scatterload_null)
    __scatterload_zeroinit                   0x080014a5   Thumb Code    14  handlers.o(i.__scatterload_zeroinit)
    Region$$Table$$Base                      0x080014b4   Number         0  anon$$obj.o(Region$$Table)
    Region$$Table$$Limit                     0x080014d4   Number         0  anon$$obj.o(Region$$Table)
    card                                     0x20000004   Data           4  main.o(.data)
    card2                                    0x20000008   Data           4  main.o(.data)
    timeout_card1                            0x2000000c   Data           4  main.o(.data)
    timeout_card2                            0x20000010   Data           4  main.o(.data)
    cnt_card                                 0x20000014   Data           1  main.o(.data)
    n_card                                   0x20000015   Data           1  main.o(.data)
    n_card2                                  0x20000016   Data           1  main.o(.data)
    cnt_card2                                0x20000017   Data           1  main.o(.data)
    cnt2_card                                0x20000018   Data           1  main.o(.data)
    parity_card                              0x20000019   Data           1  main.o(.data)
    parity_card2                             0x2000001a   Data           1  main.o(.data)
    flag_card                                0x2000001b   Data           1  main.o(.data)
    flag_card2                               0x2000001c   Data           1  main.o(.data)
    parity_card_low                          0x2000001d   Data           1  main.o(.data)
    parity_card_high                         0x2000001e   Data           1  main.o(.data)
    parity_card_low2                         0x2000001f   Data           1  main.o(.data)
    parity_card_high2                        0x20000020   Data           1  main.o(.data)
    lock                                     0x20000021   Data           1  main.o(.data)
    flag_1                                   0x20000022   Data           1  main.o(.data)
    adr                                      0x20000024   Data           2  main.o(.data)
    t_val2                                   0x20000026   Data           1  main.o(.data)
    SystemCoreClock                          0x20000028   Data           4  system.o(.data)
    AHBPrescTable                            0x2000002c   Data          16  system.o(.data)
    t                                        0x2000003c   Data           2  timer.o(.data)
    cnt                                      0x20000040   Data           1  usart.o(.data)
    cnt_send                                 0x20000041   Data           1  usart.o(.data)
    ff_0                                     0x20000042   Data           1  usart.o(.data)
    ff_1                                     0x20000043   Data           1  usart.o(.data)
    len_ff                                   0x20000044   Data           1  usart.o(.data)
    ready_pr                                 0x20000045   Data           1  usart.o(.data)
    bb                                       0x20000048   Data           4  usart.o(.data)
    send_buf                                 0x2000004c   Data           8  commands.o(.data)
    RX_timeout                               0x20000058   Data           1  delay.o(.data)
    key1_tim                                 0x2000005a   Data           2  delay.o(.data)
    key2_tim                                 0x2000005c   Data           2  delay.o(.data)
    buf                                      0x20000060   Data          10  usart.o(.bss)
    fifo                                     0x2000006a   Data         100  usart.o(.bss)
    __initial_sp                             0x200004d0   Data           0  startup_stm32f0xx.o(STACK)



==============================================================================

Memory Map of the image

  Image Entry point : 0x080000c1

  Load Region LR_IROM1 (Base: 0x08000000, Size: 0x00001534, Max: 0x00004000, ABSOLUTE)

    Execution Region ER_IROM1 (Exec base: 0x08000000, Load base: 0x08000000, Size: 0x000014d4, Max: 0x00004000, ABSOLUTE)

    Exec Addr    Load Addr    Size         Type   Attr      Idx    E Section Name        Object

    0x08000000   0x08000000   0x000000c0   Data   RO           91    RESET               startup_stm32f0xx.o
    0x080000c0   0x080000c0   0x00000000   Code   RO          310  * .ARM.Collect$$$$00000000  mc_p.l(entry.o)
    0x080000c0   0x080000c0   0x00000004   Code   RO          317    .ARM.Collect$$$$00000001  mc_p.l(entry2.o)
    0x080000c4   0x080000c4   0x00000004   Code   RO          320    .ARM.Collect$$$$00000004  mc_p.l(entry5.o)
    0x080000c8   0x080000c8   0x00000000   Code   RO          322    .ARM.Collect$$$$00000008  mc_p.l(entry7b.o)
    0x080000c8   0x080000c8   0x00000000   Code   RO          324    .ARM.Collect$$$$0000000A  mc_p.l(entry8b.o)
    0x080000c8   0x080000c8   0x00000008   Code   RO          325    .ARM.Collect$$$$0000000B  mc_p.l(entry9a.o)
    0x080000d0   0x080000d0   0x00000004   Code   RO          332    .ARM.Collect$$$$0000000E  mc_p.l(entry12b.o)
    0x080000d4   0x080000d4   0x00000000   Code   RO          327    .ARM.Collect$$$$0000000F  mc_p.l(entry10a.o)
    0x080000d4   0x080000d4   0x00000000   Code   RO          329    .ARM.Collect$$$$00000011  mc_p.l(entry11a.o)
    0x080000d4   0x080000d4   0x00000004   Code   RO          318    .ARM.Collect$$$$00002712  mc_p.l(entry2.o)
    0x080000d8   0x080000d8   0x000007c0   Code   RO            3    .text               main.o
    0x08000898   0x08000898   0x0000001c   Code   RO           92    .text               startup_stm32f0xx.o
    0x080008b4   0x080008b4   0x000001a0   Code   RO           98    .text               system.o
    0x08000a54   0x08000a54   0x00000110   Code   RO          127    .text               timer.o
    0x08000b64   0x08000b64   0x0000029c   Code   RO          174    .text               usart.o
    0x08000e00   0x08000e00   0x0000027c   Code   RO          208    .text               param_flash.o
    0x0800107c   0x0800107c   0x000000bc   Code   RO          228    .text               ext_int.o
    0x08001138   0x08001138   0x0000019c   Code   RO          254    .text               commands.o
    0x080012d4   0x080012d4   0x0000014c   Code   RO          281    .text               delay.o
    0x08001420   0x08001420   0x0000002c   Code   RO          313    .text               mc_p.l(uidiv.o)
    0x0800144c   0x0800144c   0x00000024   Code   RO          315    .text               mc_p.l(memseta.o)
    0x08001470   0x08001470   0x00000024   Code   RO          333    .text               mc_p.l(init.o)
    0x08001494   0x08001494   0x0000000e   Code   RO          337    i.__scatterload_copy  mc_p.l(handlers.o)
    0x080014a2   0x080014a2   0x00000002   Code   RO          338    i.__scatterload_null  mc_p.l(handlers.o)
    0x080014a4   0x080014a4   0x0000000e   Code   RO          339    i.__scatterload_zeroinit  mc_p.l(handlers.o)
    0x080014b2   0x080014b2   0x00000002   PAD
    0x080014b4   0x080014b4   0x00000020   Data   RO          335    Region$$Table       anon$$obj.o


    Execution Region RW_IRAM1 (Exec base: 0x20000000, Load base: 0x080014d4, Size: 0x000004d0, Max: 0x00001000, ABSOLUTE)

    Exec Addr    Load Addr    Size         Type   Attr      Idx    E Section Name        Object

    0x20000000   0x080014d4   0x00000027   Data   RW            4    .data               main.o
    0x20000027   0x080014fb   0x00000001   PAD
    0x20000028   0x080014fc   0x00000014   Data   RW           99    .data               system.o
    0x2000003c   0x08001510   0x00000002   Data   RW          128    .data               timer.o
    0x2000003e   0x08001512   0x00000002   PAD
    0x20000040   0x08001514   0x0000000c   Data   RW          176    .data               usart.o
    0x2000004c   0x08001520   0x00000008   Data   RW          255    .data               commands.o
    0x20000054   0x08001528   0x0000000a   Data   RW          282    .data               delay.o
    0x2000005e   0x08001532   0x00000002   PAD
    0x20000060        -       0x0000006e   Zero   RW          175    .bss                usart.o
    0x200000ce   0x08001532   0x00000002   PAD
    0x200000d0        -       0x00000400   Zero   RW           89    STACK               startup_stm32f0xx.o


==============================================================================

Image component sizes


      Code (inc. data)   RO Data    RW Data    ZI Data      Debug   Object Name

       412         18          0          8          0       7725   commands.o
       332         40          0         10          0       7753   delay.o
       188         30          0          0          0        807   ext_int.o
      1984        172          0         39          0     159735   main.o
       636         22          0          0          0       3426   param_flash.o
        28          8        192          0       1024        600   startup_stm32f0xx.o
       416         34          0         20          0       1519   system.o
       272         28          0          2          0     151308   timer.o
       668         54          0         12        110       8332   usart.o

    ----------------------------------------------------------------------
      4936        406        224         96       1136     341205   Object Totals
         0          0         32          0          0          0   (incl. Generated)
         0          0          0          5          2          0   (incl. Padding)

    ----------------------------------------------------------------------

      Code (inc. data)   RO Data    RW Data    ZI Data      Debug   Library Member Name

         0          0          0          0          0          0   entry.o
         0          0          0          0          0          0   entry10a.o
         0          0          0          0          0          0   entry11a.o
         4          0          0          0          0          0   entry12b.o
         8          4          0          0          0          0   entry2.o
         4          0          0          0          0          0   entry5.o
         0          0          0          0          0          0   entry7b.o
         0          0          0          0          0          0   entry8b.o
         8          4          0          0          0          0   entry9a.o
        30          0          0          0          0          0   handlers.o
        36          8          0          0          0         68   init.o
        36          0          0          0          0        100   memseta.o
        44          0          0          0          0         72   uidiv.o

    ----------------------------------------------------------------------
       172         16          0          0          0        240   Library Totals
         2          0          0          0          0          0   (incl. Padding)

    ----------------------------------------------------------------------

      Code (inc. data)   RO Data    RW Data    ZI Data      Debug   Library Name

       170         16          0          0          0        240   mc_p.l

    ----------------------------------------------------------------------
       172         16          0          0          0        240   Library Totals

    ----------------------------------------------------------------------

==============================================================================


      Code (inc. data)   RO Data    RW Data    ZI Data      Debug   

      5108        422        224         96       1136     340937   Grand Totals
      5108        422        224         96       1136     340937   ELF Image Totals
      5108        422        224         96          0          0   ROM Totals

==============================================================================

    Total RO  Size (Code + RO Data)                 5332 (   5.21kB)
    Total RW  Size (RW Data + ZI Data)              1232 (   1.20kB)
    Total ROM Size (Code + RO Data + RW Data)       5428 (   5.30kB)

==============================================================================

