Component: ARM Compiler 5.06 update 7 (build 960) Tool: armlink [4d3601]

==============================================================================

Section Cross References

    main.o(.text) refers to usart.o(.text) for Init_usart
    main.o(.text) refers to timer.o(.text) for init_TIM3
    main.o(.text) refers to param_flash.o(.text) for Read16ParamFlash
    main.o(.text) refers to commands.o(.text) for open_lock
    main.o(.text) refers to main.o(.data) for flag_1
    main.o(.text) refers to commands.o(.data) for send_buf
    main.o(.data) refers to modbus.o(.bss) for uart1
    startup_stm32f0xx.o(RESET) refers to startup_stm32f0xx.o(STACK) for __initial_sp
    startup_stm32f0xx.o(RESET) refers to startup_stm32f0xx.o(.text) for Reset_Handler
    startup_stm32f0xx.o(RESET) refers to delay.o(.text) for SysTick_Handler
    startup_stm32f0xx.o(RESET) refers to main.o(.text) for EXTI0_1_IRQHandler
    startup_stm32f0xx.o(RESET) refers to ext_int.o(.text) for EXTI4_15_IRQHandler
    startup_stm32f0xx.o(RESET) refers to timer.o(.text) for TIM3_IRQHandler
    startup_stm32f0xx.o(RESET) refers to usart.o(.text) for USART1_IRQHandler
    startup_stm32f0xx.o(.text) refers to system.o(.text) for SystemInit
    startup_stm32f0xx.o(.text) refers to entry.o(.ARM.Collect$$$$00000000) for __main
    system.o(.text) refers to uidiv.o(.text) for __aeabi_uidivmod
    system.o(.text) refers to system.o(.data) for SystemCoreClock
    timer.o(.text) refers to main.o(.text) for set_flag_1
    timer.o(.text) refers to timer.o(.data) for t
    timer.o(.text) refers to main.o(.data) for lock
    timer.o(.data) refers to modbus.o(.bss) for uart1
    usart.o(.text) refers to uidiv.o(.text) for __aeabi_uidivmod
    usart.o(.text) refers to commands.o(.text) for commands
    usart.o(.text) refers to modbus.o(.text) for modbus_slave
    usart.o(.text) refers to system.o(.data) for SystemCoreClock
    usart.o(.text) refers to usart.o(.data) for ff_0
    usart.o(.text) refers to usart.o(.bss) for fifo
    usart.o(.text) refers to modbus.o(.bss) for uart1
    param_flash.o(.text) refers to memseta.o(.text) for __aeabi_memclr4
    commands.o(.text) refers to timer.o(.text) for set_t
    commands.o(.text) refers to main.o(.text) for set_flag_1
    commands.o(.text) refers to param_flash.o(.text) for Write16ParamFlash
    commands.o(.text) refers to main.o(.data) for lock
    commands.o(.text) refers to commands.o(.data) for stat_1
    commands.o(.data) refers to modbus.o(.bss) for uart1
    delay.o(.text) refers to delay.o(.data) for TimingDelay
    modbus.o(.text) refers to com_modbus.o(.text) for com_modbus6
    modbus.o(.text) refers to usart.o(.text) for USART_SendData
    modbus.o(.text) refers to modbus.o(.bss) for uart1
    modbus.o(.text) refers to modbus.o(.data) for adr
    modbus.o(.data) refers to modbus.o(.bss) for uart1
    com_modbus.o(.text) refers to param_flash.o(.text) for Write16ParamFlash
    com_modbus.o(.text) refers to commands.o(.text) for commands_modbus
    com_modbus.o(.text) refers to modbus.o(.bss) for uart1
    entry.o(.ARM.Collect$$$$00000000) refers (Special) to entry10a.o(.ARM.Collect$$$$0000000F) for __rt_final_cpp
    entry.o(.ARM.Collect$$$$00000000) refers (Special) to entry11a.o(.ARM.Collect$$$$00000011) for __rt_final_exit
    entry.o(.ARM.Collect$$$$00000000) refers (Special) to entry12b.o(.ARM.Collect$$$$0000000E) for __rt_lib_shutdown_fini
    entry.o(.ARM.Collect$$$$00000000) refers (Special) to entry7b.o(.ARM.Collect$$$$00000008) for _main_clock
    entry.o(.ARM.Collect$$$$00000000) refers (Special) to entry8b.o(.ARM.Collect$$$$0000000A) for _main_cpp_init
    entry.o(.ARM.Collect$$$$00000000) refers (Special) to entry9a.o(.ARM.Collect$$$$0000000B) for _main_init
    entry.o(.ARM.Collect$$$$00000000) refers (Special) to entry5.o(.ARM.Collect$$$$00000004) for _main_scatterload
    entry.o(.ARM.Collect$$$$00000000) refers (Special) to entry2.o(.ARM.Collect$$$$00000001) for _main_stk
    entry2.o(.ARM.Collect$$$$00000001) refers to entry2.o(.ARM.Collect$$$$00002712) for __lit__00000000
    entry2.o(.ARM.Collect$$$$00002712) refers to startup_stm32f0xx.o(STACK) for __initial_sp
    entry2.o(__vectab_stack_and_reset_area) refers to startup_stm32f0xx.o(STACK) for __initial_sp
    entry2.o(__vectab_stack_and_reset_area) refers to entry.o(.ARM.Collect$$$$00000000) for __main
    entry5.o(.ARM.Collect$$$$00000004) refers to init.o(.text) for __scatterload
    entry9a.o(.ARM.Collect$$$$0000000B) refers to main.o(.text) for main
    entry9b.o(.ARM.Collect$$$$0000000C) refers to main.o(.text) for main
    init.o(.text) refers to entry5.o(.ARM.Collect$$$$00000004) for __main_after_scatterload


==============================================================================

Removing Unused input sections from the image.

    Removing main.o(.rev16_text), (4 bytes).
    Removing main.o(.revsh_text), (4 bytes).
    Removing startup_stm32f0xx.o(HEAP), (512 bytes).
    Removing system.o(.rev16_text), (4 bytes).
    Removing system.o(.revsh_text), (4 bytes).
    Removing timer.o(.rev16_text), (4 bytes).
    Removing timer.o(.revsh_text), (4 bytes).
    Removing usart.o(.rev16_text), (4 bytes).
    Removing usart.o(.revsh_text), (4 bytes).
    Removing param_flash.o(.rev16_text), (4 bytes).
    Removing param_flash.o(.revsh_text), (4 bytes).
    Removing ext_int.o(.rev16_text), (4 bytes).
    Removing ext_int.o(.revsh_text), (4 bytes).
    Removing ext_int.o(.data), (4 bytes).
    Removing commands.o(.rev16_text), (4 bytes).
    Removing commands.o(.revsh_text), (4 bytes).
    Removing delay.o(.rev16_text), (4 bytes).
    Removing delay.o(.revsh_text), (4 bytes).
    Removing delay_asm.o(.text), (24 bytes).
    Removing modbus.o(.rev16_text), (4 bytes).
    Removing modbus.o(.revsh_text), (4 bytes).
    Removing com_modbus.o(.rev16_text), (4 bytes).
    Removing com_modbus.o(.revsh_text), (4 bytes).

23 unused section(s) (total 620 bytes) removed from the image.

==============================================================================

Image Symbol Table

    Local Symbols

    Symbol Name                              Value     Ov Type        Size  Object(Section)

    ../clib/microlib/division.c              0x00000000   Number         0  uidiv.o ABSOLUTE
    ../clib/microlib/init/entry.s            0x00000000   Number         0  entry7b.o ABSOLUTE
    ../clib/microlib/init/entry.s            0x00000000   Number         0  entry7a.o ABSOLUTE
    ../clib/microlib/init/entry.s            0x00000000   Number         0  entry5.o ABSOLUTE
    ../clib/microlib/init/entry.s            0x00000000   Number         0  entry2.o ABSOLUTE
    ../clib/microlib/init/entry.s            0x00000000   Number         0  entry.o ABSOLUTE
    ../clib/microlib/init/entry.s            0x00000000   Number         0  entry12b.o ABSOLUTE
    ../clib/microlib/init/entry.s            0x00000000   Number         0  entry12a.o ABSOLUTE
    ../clib/microlib/init/entry.s            0x00000000   Number         0  entry11b.o ABSOLUTE
    ../clib/microlib/init/entry.s            0x00000000   Number         0  entry10b.o ABSOLUTE
    ../clib/microlib/init/entry.s            0x00000000   Number         0  entry11a.o ABSOLUTE
    ../clib/microlib/init/entry.s            0x00000000   Number         0  entry10a.o ABSOLUTE
    ../clib/microlib/init/entry.s            0x00000000   Number         0  entry9b.o ABSOLUTE
    ../clib/microlib/init/entry.s            0x00000000   Number         0  entry9a.o ABSOLUTE
    ../clib/microlib/init/entry.s            0x00000000   Number         0  entry8b.o ABSOLUTE
    ../clib/microlib/init/entry.s            0x00000000   Number         0  entry8a.o ABSOLUTE
    ../clib/microlib/string/memset.c         0x00000000   Number         0  memseta.o ABSOLUTE
    ..\\lib\\delay.c                         0x00000000   Number         0  delay.o ABSOLUTE
    ..\\lib\\ext_int.c                       0x00000000   Number         0  ext_int.o ABSOLUTE
    ..\\lib\\modbus.c                        0x00000000   Number         0  modbus.o ABSOLUTE
    ..\\lib\\param_flash.c                   0x00000000   Number         0  param_flash.o ABSOLUTE
    ..\\lib\\usart.c                         0x00000000   Number         0  usart.o ABSOLUTE
    ..\lib\delay.c                           0x00000000   Number         0  delay.o ABSOLUTE
    ..\lib\ext_int.c                         0x00000000   Number         0  ext_int.o ABSOLUTE
    ..\lib\modbus.c                          0x00000000   Number         0  modbus.o ABSOLUTE
    ..\lib\param_flash.c                     0x00000000   Number         0  param_flash.o ABSOLUTE
    ..\lib\usart.c                           0x00000000   Number         0  usart.o ABSOLUTE
    dc.s                                     0x00000000   Number         0  dc.o ABSOLUTE
    handlers.s                               0x00000000   Number         0  handlers.o ABSOLUTE
    init.s                                   0x00000000   Number         0  init.o ABSOLUTE
    source\\com_modbus.c                     0x00000000   Number         0  com_modbus.o ABSOLUTE
    source\\commands.c                       0x00000000   Number         0  commands.o ABSOLUTE
    source\\main.c                           0x00000000   Number         0  main.o ABSOLUTE
    source\\system.c                         0x00000000   Number         0  system.o ABSOLUTE
    source\\timer.c                          0x00000000   Number         0  timer.o ABSOLUTE
    source\com_modbus.c                      0x00000000   Number         0  com_modbus.o ABSOLUTE
    source\commands.c                        0x00000000   Number         0  commands.o ABSOLUTE
    source\delay_asm.s                       0x00000000   Number         0  delay_asm.o ABSOLUTE
    source\main.c                            0x00000000   Number         0  main.o ABSOLUTE
    source\startup_stm32f0xx.s               0x00000000   Number         0  startup_stm32f0xx.o ABSOLUTE
    source\system.c                          0x00000000   Number         0  system.o ABSOLUTE
    source\timer.c                           0x00000000   Number         0  timer.o ABSOLUTE
    RESET                                    0x08000000   Section      192  startup_stm32f0xx.o(RESET)
    .ARM.Collect$$$$00000000                 0x080000c0   Section        0  entry.o(.ARM.Collect$$$$00000000)
    .ARM.Collect$$$$00000001                 0x080000c0   Section        4  entry2.o(.ARM.Collect$$$$00000001)
    .ARM.Collect$$$$00000004                 0x080000c4   Section        4  entry5.o(.ARM.Collect$$$$00000004)
    .ARM.Collect$$$$00000008                 0x080000c8   Section        0  entry7b.o(.ARM.Collect$$$$00000008)
    .ARM.Collect$$$$0000000A                 0x080000c8   Section        0  entry8b.o(.ARM.Collect$$$$0000000A)
    .ARM.Collect$$$$0000000B                 0x080000c8   Section        8  entry9a.o(.ARM.Collect$$$$0000000B)
    .ARM.Collect$$$$0000000E                 0x080000d0   Section        4  entry12b.o(.ARM.Collect$$$$0000000E)
    .ARM.Collect$$$$0000000F                 0x080000d4   Section        0  entry10a.o(.ARM.Collect$$$$0000000F)
    .ARM.Collect$$$$00000011                 0x080000d4   Section        0  entry11a.o(.ARM.Collect$$$$00000011)
    .ARM.Collect$$$$00002712                 0x080000d4   Section        4  entry2.o(.ARM.Collect$$$$00002712)
    __lit__00000000                          0x080000d4   Data           4  entry2.o(.ARM.Collect$$$$00002712)
    .text                                    0x080000d8   Section        0  main.o(.text)
    NVIC_SetPriority                         0x080000d9   Thumb Code   110  main.o(.text)
    NVIC_EnableIRQ                           0x08000497   Thumb Code    14  main.o(.text)
    .text                                    0x080004f0   Section       28  startup_stm32f0xx.o(.text)
    .text                                    0x0800050c   Section        0  system.o(.text)
    SetSysClock                              0x0800050d   Thumb Code   118  system.o(.text)
    .text                                    0x080006ac   Section        0  timer.o(.text)
    .text                                    0x08000808   Section        0  usart.o(.text)
    NVIC_SetPriority                         0x08000a57   Thumb Code   110  usart.o(.text)
    .text                                    0x08000b00   Section        0  param_flash.o(.text)
    .text                                    0x08000e8c   Section        0  ext_int.o(.text)
    .text                                    0x08000eb0   Section        0  commands.o(.text)
    .text                                    0x08001050   Section        0  delay.o(.text)
    .text                                    0x080010ec   Section        0  modbus.o(.text)
    .text                                    0x08001394   Section        0  com_modbus.o(.text)
    .text                                    0x08001414   Section        0  uidiv.o(.text)
    .text                                    0x08001440   Section        0  memseta.o(.text)
    .text                                    0x08001464   Section       36  init.o(.text)
    i.__scatterload_copy                     0x08001488   Section       14  handlers.o(i.__scatterload_copy)
    i.__scatterload_null                     0x08001496   Section        2  handlers.o(i.__scatterload_null)
    i.__scatterload_zeroinit                 0x08001498   Section       14  handlers.o(i.__scatterload_zeroinit)
    .data                                    0x20000000   Section       48  main.o(.data)
    TimingDelay                              0x20000000   Data           4  main.o(.data)
    .data                                    0x20000030   Section       20  system.o(.data)
    .data                                    0x20000044   Section       10  timer.o(.data)
    s1                                       0x2000004c   Data           1  timer.o(.data)
    s2                                       0x2000004d   Data           1  timer.o(.data)
    .data                                    0x20000050   Section       12  usart.o(.data)
    .data                                    0x2000005c   Section       24  commands.o(.data)
    .data                                    0x20000074   Section        4  delay.o(.data)
    TimingDelay                              0x20000074   Data           4  delay.o(.data)
    .data                                    0x20000078   Section        4  modbus.o(.data)
    .bss                                     0x2000007c   Section      110  usart.o(.bss)
    .bss                                     0x200000ec   Section      396  modbus.o(.bss)
    STACK                                    0x20000278   Section     1024  startup_stm32f0xx.o(STACK)

    Global Symbols

    Symbol Name                              Value     Ov Type        Size  Object(Section)

    BuildAttributes$$THM_ISAv3M$S$PE$A:L22$X:L11$S22$IEEE1$IW$USESV6$~STKCKD$USESV7$~SHL$OSPACE$EBA8$MICROLIB$REQ8$PRES8$EABIv2 0x00000000   Number         0  anon$$obj.o ABSOLUTE
    __ARM_use_no_argv                        0x00000000   Number         0  main.o ABSOLUTE
    __arm_fini_                               - Undefined Weak Reference
    __cpp_initialize__aeabi_                  - Undefined Weak Reference
    __cxa_finalize                            - Undefined Weak Reference
    __decompress                              - Undefined Weak Reference
    _clock_init                               - Undefined Weak Reference
    _microlib_exit                            - Undefined Weak Reference
    __Vectors_Size                           0x000000c0   Number         0  startup_stm32f0xx.o ABSOLUTE
    __Vectors                                0x08000000   Data           4  startup_stm32f0xx.o(RESET)
    __Vectors_End                            0x080000c0   Data           0  startup_stm32f0xx.o(RESET)
    __main                                   0x080000c1   Thumb Code     0  entry.o(.ARM.Collect$$$$00000000)
    _main_stk                                0x080000c1   Thumb Code     0  entry2.o(.ARM.Collect$$$$00000001)
    _main_scatterload                        0x080000c5   Thumb Code     0  entry5.o(.ARM.Collect$$$$00000004)
    __main_after_scatterload                 0x080000c9   Thumb Code     0  entry5.o(.ARM.Collect$$$$00000004)
    _main_clock                              0x080000c9   Thumb Code     0  entry7b.o(.ARM.Collect$$$$00000008)
    _main_cpp_init                           0x080000c9   Thumb Code     0  entry8b.o(.ARM.Collect$$$$0000000A)
    _main_init                               0x080000c9   Thumb Code     0  entry9a.o(.ARM.Collect$$$$0000000B)
    __rt_lib_shutdown_fini                   0x080000d1   Thumb Code     0  entry12b.o(.ARM.Collect$$$$0000000E)
    __rt_final_cpp                           0x080000d5   Thumb Code     0  entry10a.o(.ARM.Collect$$$$0000000F)
    __rt_final_exit                          0x080000d5   Thumb Code     0  entry11a.o(.ARM.Collect$$$$00000011)
    init_gpio                                0x08000147   Thumb Code    40  main.o(.text)
    init_EXTI                                0x0800016f   Thumb Code   162  main.o(.text)
    init                                     0x08000211   Thumb Code    16  main.o(.text)
    USART_to_SendData                        0x08000221   Thumb Code    26  main.o(.text)
    set_flag_1                               0x0800023b   Thumb Code    12  main.o(.text)
    clr_flag_1                               0x08000247   Thumb Code    12  main.o(.text)
    send_pack                                0x08000253   Thumb Code   100  main.o(.text)
    main                                     0x080002b7   Thumb Code   436  main.o(.text)
    EXTI0_1_IRQHandler                       0x0800046b   Thumb Code    26  main.o(.text)
    EXTI2_3_IRQHandler                       0x08000485   Thumb Code    14  main.o(.text)
    assert_failed                            0x08000493   Thumb Code     4  main.o(.text)
    Reset_Handler                            0x080004f1   Thumb Code     8  startup_stm32f0xx.o(.text)
    NMI_Handler                              0x080004f9   Thumb Code     2  startup_stm32f0xx.o(.text)
    HardFault_Handler                        0x080004fb   Thumb Code     2  startup_stm32f0xx.o(.text)
    SVC_Handler                              0x080004fd   Thumb Code     2  startup_stm32f0xx.o(.text)
    PendSV_Handler                           0x080004ff   Thumb Code     2  startup_stm32f0xx.o(.text)
    ADC1_COMP_IRQHandler                     0x08000503   Thumb Code     0  startup_stm32f0xx.o(.text)
    CEC_IRQHandler                           0x08000503   Thumb Code     0  startup_stm32f0xx.o(.text)
    DMA1_Channel1_IRQHandler                 0x08000503   Thumb Code     0  startup_stm32f0xx.o(.text)
    DMA1_Channel2_3_IRQHandler               0x08000503   Thumb Code     0  startup_stm32f0xx.o(.text)
    DMA1_Channel4_5_IRQHandler               0x08000503   Thumb Code     0  startup_stm32f0xx.o(.text)
    FLASH_IRQHandler                         0x08000503   Thumb Code     0  startup_stm32f0xx.o(.text)
    I2C1_IRQHandler                          0x08000503   Thumb Code     0  startup_stm32f0xx.o(.text)
    I2C2_IRQHandler                          0x08000503   Thumb Code     0  startup_stm32f0xx.o(.text)
    PVD_IRQHandler                           0x08000503   Thumb Code     0  startup_stm32f0xx.o(.text)
    RCC_IRQHandler                           0x08000503   Thumb Code     0  startup_stm32f0xx.o(.text)
    RTC_IRQHandler                           0x08000503   Thumb Code     0  startup_stm32f0xx.o(.text)
    SPI1_IRQHandler                          0x08000503   Thumb Code     0  startup_stm32f0xx.o(.text)
    SPI2_IRQHandler                          0x08000503   Thumb Code     0  startup_stm32f0xx.o(.text)
    TIM15_IRQHandler                         0x08000503   Thumb Code     0  startup_stm32f0xx.o(.text)
    TIM16_IRQHandler                         0x08000503   Thumb Code     0  startup_stm32f0xx.o(.text)
    TIM17_IRQHandler                         0x08000503   Thumb Code     0  startup_stm32f0xx.o(.text)
    TIM1_BRK_UP_TRG_COM_IRQHandler           0x08000503   Thumb Code     0  startup_stm32f0xx.o(.text)
    TIM1_CC_IRQHandler                       0x08000503   Thumb Code     0  startup_stm32f0xx.o(.text)
    TIM2_IRQHandler                          0x08000503   Thumb Code     0  startup_stm32f0xx.o(.text)
    TIM6_DAC_IRQHandler                      0x08000503   Thumb Code     0  startup_stm32f0xx.o(.text)
    TS_IRQHandler                            0x08000503   Thumb Code     0  startup_stm32f0xx.o(.text)
    USART2_IRQHandler                        0x08000503   Thumb Code     0  startup_stm32f0xx.o(.text)
    WWDG_IRQHandler                          0x08000503   Thumb Code     0  startup_stm32f0xx.o(.text)
    SystemInit                               0x08000583   Thumb Code   110  system.o(.text)
    SystemCoreClockUpdate                    0x080005f1   Thumb Code   154  system.o(.text)
    set_t                                    0x080006ad   Thumb Code     6  timer.o(.text)
    init_TIM2                                0x080006b3   Thumb Code     2  timer.o(.text)
    init_TIM3                                0x080006b5   Thumb Code    62  timer.o(.text)
    TIM3_IRQHandler                          0x080006f3   Thumb Code   246  timer.o(.text)
    Init_usart                               0x08000809   Thumb Code   156  usart.o(.text)
    USART_SendData                           0x080008a5   Thumb Code    12  usart.o(.text)
    print_fifo                               0x080008b1   Thumb Code   132  usart.o(.text)
    print_buf                                0x08000935   Thumb Code    52  usart.o(.text)
    USART1_IRQHandler                        0x08000969   Thumb Code   238  usart.o(.text)
    FLASH_Unlock                             0x08000b01   Thumb Code    24  param_flash.o(.text)
    FLASH_Lock                               0x08000b19   Thumb Code    14  param_flash.o(.text)
    FLASH_ClearPage                          0x08000b27   Thumb Code    54  param_flash.o(.text)
    FLASH_Read                               0x08000b5d   Thumb Code     6  param_flash.o(.text)
    Read16ParamFlash                         0x08000b63   Thumb Code    16  param_flash.o(.text)
    FLASH_Write                              0x08000b73   Thumb Code    56  param_flash.o(.text)
    Write32ParamFlash_scan                   0x08000bab   Thumb Code   106  param_flash.o(.text)
    Write32ParamFlash                        0x08000c15   Thumb Code    44  param_flash.o(.text)
    ReadParamFlash                           0x08000c41   Thumb Code    40  param_flash.o(.text)
    WriteParamFlash                          0x08000c69   Thumb Code   274  param_flash.o(.text)
    Write16ParamFlash                        0x08000d7b   Thumb Code   148  param_flash.o(.text)
    WriteMultiplyParamFlash                  0x08000e0f   Thumb Code   106  param_flash.o(.text)
    check_new_buf                            0x08000e8d   Thumb Code     4  ext_int.o(.text)
    send_p                                   0x08000e91   Thumb Code     2  ext_int.o(.text)
    EXTI4_15_IRQHandler                      0x08000e93   Thumb Code    26  ext_int.o(.text)
    sent_buffer                              0x08000eb1   Thumb Code     2  commands.o(.text)
    close_lock                               0x08000eb3   Thumb Code    42  commands.o(.text)
    open_lock                                0x08000edd   Thumb Code    42  commands.o(.text)
    commands_modbus                          0x08000f07   Thumb Code    72  commands.o(.text)
    commands                                 0x08000f4f   Thumb Code   232  commands.o(.text)
    SysTick_conf                             0x08001051   Thumb Code    14  delay.o(.text)
    Delay_ms                                 0x0800105f   Thumb Code    20  delay.o(.text)
    SysTick_Handler                          0x08001073   Thumb Code    20  delay.o(.text)
    init_TIM14                               0x08001087   Thumb Code    62  delay.o(.text)
    TIM14_IRQHandler                         0x080010c5   Thumb Code    18  delay.o(.text)
    Crc16                                    0x080010ed   Thumb Code    68  modbus.o(.text)
    modbus_3_4                               0x08001131   Thumb Code   116  modbus.o(.text)
    modbus_6                                 0x080011a5   Thumb Code    52  modbus.o(.text)
    modbus_16                                0x080011d9   Thumb Code   126  modbus.o(.text)
    modbus_slave                             0x08001257   Thumb Code   288  modbus.o(.text)
    com_modbus6                              0x08001395   Thumb Code   124  com_modbus.o(.text)
    __aeabi_uidiv                            0x08001415   Thumb Code     0  uidiv.o(.text)
    __aeabi_uidivmod                         0x08001415   Thumb Code    44  uidiv.o(.text)
    __aeabi_memset                           0x08001441   Thumb Code    14  memseta.o(.text)
    __aeabi_memset4                          0x08001441   Thumb Code     0  memseta.o(.text)
    __aeabi_memset8                          0x08001441   Thumb Code     0  memseta.o(.text)
    __aeabi_memclr                           0x0800144f   Thumb Code     4  memseta.o(.text)
    __aeabi_memclr4                          0x0800144f   Thumb Code     0  memseta.o(.text)
    __aeabi_memclr8                          0x0800144f   Thumb Code     0  memseta.o(.text)
    _memset$wrapper                          0x08001453   Thumb Code    18  memseta.o(.text)
    __scatterload                            0x08001465   Thumb Code    28  init.o(.text)
    __scatterload_rt2                        0x08001465   Thumb Code     0  init.o(.text)
    __scatterload_copy                       0x08001489   Thumb Code    14  handlers.o(i.__scatterload_copy)
    __scatterload_null                       0x08001497   Thumb Code     2  handlers.o(i.__scatterload_null)
    __scatterload_zeroinit                   0x08001499   Thumb Code    14  handlers.o(i.__scatterload_zeroinit)
    Region$$Table$$Base                      0x080014a8   Number         0  anon$$obj.o(Region$$Table)
    Region$$Table$$Limit                     0x080014c8   Number         0  anon$$obj.o(Region$$Table)
    lock                                     0x20000004   Data           1  main.o(.data)
    flag                                     0x20000005   Data           1  main.o(.data)
    flag_1                                   0x20000006   Data           1  main.o(.data)
    deb_main                                 0x20000007   Data           1  main.o(.data)
    adr_pcb                                  0x20000008   Data           4  main.o(.data)
    t_up_m                                   0x2000000c   Data           4  main.o(.data)
    t_down_m                                 0x20000010   Data           4  main.o(.data)
    stat_sen                                 0x20000014   Data           4  main.o(.data)
    stat                                     0x20000018   Data           4  main.o(.data)
    Lamp0                                    0x2000001c   Data           4  main.o(.data)
    Lamp1                                    0x20000020   Data           4  main.o(.data)
    Lamp2                                    0x20000024   Data           4  main.o(.data)
    Port                                     0x20000028   Data           4  main.o(.data)
    port_old                                 0x2000002c   Data           4  main.o(.data)
    SystemCoreClock                          0x20000030   Data           4  system.o(.data)
    AHBPrescTable                            0x20000034   Data          16  system.o(.data)
    t                                        0x20000044   Data           2  timer.o(.data)
    stat1                                    0x20000048   Data           4  timer.o(.data)
    cnt                                      0x20000050   Data           1  usart.o(.data)
    cnt_send                                 0x20000051   Data           1  usart.o(.data)
    ff_0                                     0x20000052   Data           1  usart.o(.data)
    ff_1                                     0x20000053   Data           1  usart.o(.data)
    len_ff                                   0x20000054   Data           1  usart.o(.data)
    ready_pr                                 0x20000055   Data           1  usart.o(.data)
    bb                                       0x20000058   Data           4  usart.o(.data)
    send_buf                                 0x2000005c   Data           8  commands.o(.data)
    stat_1                                   0x20000064   Data           4  commands.o(.data)
    adr_can                                  0x20000068   Data           4  commands.o(.data)
    t_up                                     0x2000006c   Data           4  commands.o(.data)
    t_down                                   0x20000070   Data           4  commands.o(.data)
    adr                                      0x20000078   Data           4  modbus.o(.data)
    buf                                      0x2000007c   Data          10  usart.o(.bss)
    fifo                                     0x20000086   Data         100  usart.o(.bss)
    uart1                                    0x200000ec   Data         396  modbus.o(.bss)
    __initial_sp                             0x20000678   Data           0  startup_stm32f0xx.o(STACK)



==============================================================================

Memory Map of the image

  Image Entry point : 0x080000c1

  Load Region LR_IROM1 (Base: 0x08000000, Size: 0x00001544, Max: 0x00004000, ABSOLUTE)

    Execution Region ER_IROM1 (Exec base: 0x08000000, Load base: 0x08000000, Size: 0x000014c8, Max: 0x00004000, ABSOLUTE)

    Exec Addr    Load Addr    Size         Type   Attr      Idx    E Section Name        Object

    0x08000000   0x08000000   0x000000c0   Data   RO          100    RESET               startup_stm32f0xx.o
    0x080000c0   0x080000c0   0x00000000   Code   RO          365  * .ARM.Collect$$$$00000000  mc_p.l(entry.o)
    0x080000c0   0x080000c0   0x00000004   Code   RO          372    .ARM.Collect$$$$00000001  mc_p.l(entry2.o)
    0x080000c4   0x080000c4   0x00000004   Code   RO          375    .ARM.Collect$$$$00000004  mc_p.l(entry5.o)
    0x080000c8   0x080000c8   0x00000000   Code   RO          377    .ARM.Collect$$$$00000008  mc_p.l(entry7b.o)
    0x080000c8   0x080000c8   0x00000000   Code   RO          379    .ARM.Collect$$$$0000000A  mc_p.l(entry8b.o)
    0x080000c8   0x080000c8   0x00000008   Code   RO          380    .ARM.Collect$$$$0000000B  mc_p.l(entry9a.o)
    0x080000d0   0x080000d0   0x00000004   Code   RO          387    .ARM.Collect$$$$0000000E  mc_p.l(entry12b.o)
    0x080000d4   0x080000d4   0x00000000   Code   RO          382    .ARM.Collect$$$$0000000F  mc_p.l(entry10a.o)
    0x080000d4   0x080000d4   0x00000000   Code   RO          384    .ARM.Collect$$$$00000011  mc_p.l(entry11a.o)
    0x080000d4   0x080000d4   0x00000004   Code   RO          373    .ARM.Collect$$$$00002712  mc_p.l(entry2.o)
    0x080000d8   0x080000d8   0x00000418   Code   RO            3    .text               main.o
    0x080004f0   0x080004f0   0x0000001c   Code   RO          101    .text               startup_stm32f0xx.o
    0x0800050c   0x0800050c   0x000001a0   Code   RO          107    .text               system.o
    0x080006ac   0x080006ac   0x0000015c   Code   RO          136    .text               timer.o
    0x08000808   0x08000808   0x000002f8   Code   RO          184    .text               usart.o
    0x08000b00   0x08000b00   0x0000038c   Code   RO          218    .text               param_flash.o
    0x08000e8c   0x08000e8c   0x00000024   Code   RO          238    .text               ext_int.o
    0x08000eb0   0x08000eb0   0x000001a0   Code   RO          266    .text               commands.o
    0x08001050   0x08001050   0x0000009c   Code   RO          290    .text               delay.o
    0x080010ec   0x080010ec   0x000002a8   Code   RO          319    .text               modbus.o
    0x08001394   0x08001394   0x00000080   Code   RO          343    .text               com_modbus.o
    0x08001414   0x08001414   0x0000002c   Code   RO          368    .text               mc_p.l(uidiv.o)
    0x08001440   0x08001440   0x00000024   Code   RO          370    .text               mc_p.l(memseta.o)
    0x08001464   0x08001464   0x00000024   Code   RO          388    .text               mc_p.l(init.o)
    0x08001488   0x08001488   0x0000000e   Code   RO          392    i.__scatterload_copy  mc_p.l(handlers.o)
    0x08001496   0x08001496   0x00000002   Code   RO          393    i.__scatterload_null  mc_p.l(handlers.o)
    0x08001498   0x08001498   0x0000000e   Code   RO          394    i.__scatterload_zeroinit  mc_p.l(handlers.o)
    0x080014a6   0x080014a6   0x00000002   PAD
    0x080014a8   0x080014a8   0x00000020   Data   RO          390    Region$$Table       anon$$obj.o


    Execution Region RW_IRAM1 (Exec base: 0x20000000, Load base: 0x080014c8, Size: 0x00000678, Max: 0x00001000, ABSOLUTE)

    Exec Addr    Load Addr    Size         Type   Attr      Idx    E Section Name        Object

    0x20000000   0x080014c8   0x00000030   Data   RW            4    .data               main.o
    0x20000030   0x080014f8   0x00000014   Data   RW          108    .data               system.o
    0x20000044   0x0800150c   0x0000000a   Data   RW          137    .data               timer.o
    0x2000004e   0x08001516   0x00000002   PAD
    0x20000050   0x08001518   0x0000000c   Data   RW          186    .data               usart.o
    0x2000005c   0x08001524   0x00000018   Data   RW          267    .data               commands.o
    0x20000074   0x0800153c   0x00000004   Data   RW          291    .data               delay.o
    0x20000078   0x08001540   0x00000004   Data   RW          321    .data               modbus.o
    0x2000007c        -       0x0000006e   Zero   RW          185    .bss                usart.o
    0x200000ea   0x08001544   0x00000002   PAD
    0x200000ec        -       0x0000018c   Zero   RW          320    .bss                modbus.o
    0x20000278        -       0x00000400   Zero   RW           98    STACK               startup_stm32f0xx.o


==============================================================================

Image component sizes


      Code (inc. data)   RO Data    RW Data    ZI Data      Debug   Object Name

       128          4          0          0          0        610   com_modbus.o
       416         26          0         24          0       2186   commands.o
       156         22          0          4          0       7412   delay.o
        36          4          0          0          0        755   ext_int.o
      1048         76          0         48          0     159251   main.o
       680         30          0          4        396       2415   modbus.o
       908         20          0          0          0       3908   param_flash.o
        28          8        192          0       1024        632   startup_stm32f0xx.o
       416         34          0         20          0       1591   system.o
       348         32          0         10          0     151959   timer.o
       760         60          0         12        110       8482   usart.o

    ----------------------------------------------------------------------
      4924        316        224        124       1532     339201   Object Totals
         0          0         32          0          0          0   (incl. Generated)
         0          0          0          2          2          0   (incl. Padding)

    ----------------------------------------------------------------------

      Code (inc. data)   RO Data    RW Data    ZI Data      Debug   Library Member Name

         0          0          0          0          0          0   entry.o
         0          0          0          0          0          0   entry10a.o
         0          0          0          0          0          0   entry11a.o
         4          0          0          0          0          0   entry12b.o
         8          4          0          0          0          0   entry2.o
         4          0          0          0          0          0   entry5.o
         0          0          0          0          0          0   entry7b.o
         0          0          0          0          0          0   entry8b.o
         8          4          0          0          0          0   entry9a.o
        30          0          0          0          0          0   handlers.o
        36          8          0          0          0         68   init.o
        36          0          0          0          0        100   memseta.o
        44          0          0          0          0         72   uidiv.o

    ----------------------------------------------------------------------
       172         16          0          0          0        240   Library Totals
         2          0          0          0          0          0   (incl. Padding)

    ----------------------------------------------------------------------

      Code (inc. data)   RO Data    RW Data    ZI Data      Debug   Library Name

       170         16          0          0          0        240   mc_p.l

    ----------------------------------------------------------------------
       172         16          0          0          0        240   Library Totals

    ----------------------------------------------------------------------

==============================================================================


      Code (inc. data)   RO Data    RW Data    ZI Data      Debug   

      5096        332        224        124       1532     338801   Grand Totals
      5096        332        224        124       1532     338801   ELF Image Totals
      5096        332        224        124          0          0   ROM Totals

==============================================================================

    Total RO  Size (Code + RO Data)                 5320 (   5.20kB)
    Total RW  Size (RW Data + ZI Data)              1656 (   1.62kB)
    Total ROM Size (Code + RO Data + RW Data)       5444 (   5.32kB)

==============================================================================

